[Document<stored,indexed,tokenized<title:Wikipedia: Ang Lee> stored,indexed,tokenized<link:https://de.wikipedia.org/wiki/Ang_Lee>>]