[Document<stored,indexed,tokenized<title:Wikipedia: Alan Smithee> stored,indexed,tokenized<link:https://de.wikipedia.org/wiki/Alan_Smithee> stored,indexed,tokenized<content:Alan Smithee steht als Pseudonym für einen fiktiven Regisseur, der Filme verantwortet, bei denen der eigentliche Regisseur seinen Namen nicht mit dem Werk in Verbindung gebracht haben möchte. Von 1968 bis 2000 wurde es von der Directors Guild of America (DGA) für solche Situationen empfohlen, seither ist es Thomas Lee.>>, Document<stored,indexed,tokenized<title:Wikipedia: Actinium> stored,indexed,tokenized<link:https://de.wikipedia.org/wiki/Actinium> stored,indexed,tokenized<content:| GHS-Signalwort  =>>, Document<stored,indexed,tokenized<title:Wikipedia: Ang Lee> stored,indexed,tokenized<link:https://de.wikipedia.org/wiki/Ang_Lee> stored,indexed,tokenized<content:Ang Lee (; * 23. Oktober 1954 in Pingtung, Taiwan) ist ein US-amerikanisch-taiwanischer Filmregisseur, Drehbuchautor und Produzent.>>]